../Core/Src/main.c:108:5:main	32	static
../Core/Src/main.c:231:6:SystemClock_Config	72	static
../Core/Src/main.c:271:13:MX_I2C1_Init	8	static
../Core/Src/main.c:305:13:MX_TIM2_Init	64	static
../Core/Src/main.c:364:13:MX_TIM3_Init	32	static
../Core/Src/main.c:409:13:MX_GPIO_Init	40	static
../Core/Src/main.c:465:6:HAL_GPIO_EXTI_Callback	24	static
../Core/Src/main.c:489:6:buzzer_start_sequence	16	static
../Core/Src/main.c:496:6:Process_Buzzer	16	static
../Core/Src/main.c:511:6:Set_Bin_Indicators	16	static
../Core/Src/main.c:522:6:Update_Fill_Level	56	static
../Core/Src/main.c:559:7:HCSR04_Read	40	static
../Core/Src/main.c:591:6:Update_Servo_Position	16	static
../Core/Src/main.c:613:6:Error_Handler	4	static,ignoring_inline_asm
